Using GPUs: [0, 1, 2, 3, 4, 5, 6, 7]
Matrix size: 32768 x 32768
Run seconds: INF (until stopped)
Data type: fp16
Backward: ON (with backward)
Press Ctrl+C (foreground) or send SIGTERM (kill) to stop.

Allocating matrices on cuda:0 ...
Allocating matrices on cuda:1 ...
Allocating matrices on cuda:2 ...
Allocating matrices on cuda:3 ...
Allocating matrices on cuda:4 ...
Allocating matrices on cuda:5 ...
Allocating matrices on cuda:6 ...
Allocating matrices on cuda:7 ...
[Step 5] elapsed = 21.9s
[Step 10] elapsed = 29.4s
[Step 15] elapsed = 36.8s
[Step 20] elapsed = 44.3s
[Step 25] elapsed = 51.8s
[Step 30] elapsed = 59.3s
[Step 35] elapsed = 66.7s
[Step 40] elapsed = 75.7s
[Step 45] elapsed = 83.1s
[Step 50] elapsed = 90.6s
[Step 55] elapsed = 98.1s
[Step 60] elapsed = 105.5s
[Step 65] elapsed = 112.9s
[Step 70] elapsed = 120.3s
[Step 75] elapsed = 127.7s
[Step 80] elapsed = 135.1s
[Step 85] elapsed = 142.5s
[Step 90] elapsed = 150.0s
[Step 95] elapsed = 157.4s
[Step 100] elapsed = 164.8s
[Step 105] elapsed = 172.2s
[Step 110] elapsed = 179.6s
[Step 115] elapsed = 187.0s
[Step 120] elapsed = 194.5s
[Step 125] elapsed = 201.9s
[Step 130] elapsed = 209.3s
[Step 135] elapsed = 216.7s
[Step 140] elapsed = 224.1s
[Step 145] elapsed = 231.5s
[Step 150] elapsed = 238.9s
[Step 155] elapsed = 246.4s
[Step 160] elapsed = 253.8s
[Step 165] elapsed = 261.2s
[Step 170] elapsed = 268.6s
[Step 175] elapsed = 283.2s
[Step 180] elapsed = 298.0s
[Step 185] elapsed = 308.2s
[Step 190] elapsed = 318.5s
[Step 195] elapsed = 325.9s
[Step 200] elapsed = 333.3s
[Step 205] elapsed = 340.7s
[Step 210] elapsed = 348.1s
[Step 215] elapsed = 355.5s
[Step 220] elapsed = 363.0s
[Step 225] elapsed = 370.4s
[Step 230] elapsed = 377.8s
[Step 235] elapsed = 385.2s
[Step 240] elapsed = 392.6s
[Step 245] elapsed = 400.0s
[Step 250] elapsed = 407.4s
[Step 255] elapsed = 414.9s
[Step 260] elapsed = 422.3s
[Step 265] elapsed = 429.7s
[Step 270] elapsed = 437.1s
[Step 275] elapsed = 449.7s
[Step 280] elapsed = 465.9s
[Step 285] elapsed = 481.1s
[Step 290] elapsed = 491.5s
[Step 295] elapsed = 500.4s
[Step 300] elapsed = 508.2s
[Step 305] elapsed = 515.6s
[Step 310] elapsed = 523.0s
[Step 315] elapsed = 530.5s
[Step 320] elapsed = 537.9s
[Step 325] elapsed = 545.3s
[Step 330] elapsed = 552.7s
[Step 335] elapsed = 560.1s
[Step 340] elapsed = 567.5s
[Step 345] elapsed = 574.9s
[Step 350] elapsed = 582.3s
[Step 355] elapsed = 589.7s
[Step 360] elapsed = 597.2s
[Step 365] elapsed = 607.3s
[Step 370] elapsed = 623.6s
[Step 375] elapsed = 639.8s
[Step 380] elapsed = 655.6s
[Step 385] elapsed = 664.8s
[Step 390] elapsed = 672.3s
[Step 395] elapsed = 679.7s
[Step 400] elapsed = 687.1s
[Step 405] elapsed = 694.5s
[Step 410] elapsed = 701.9s
[Step 415] elapsed = 709.3s
[Step 420] elapsed = 716.7s
[Step 425] elapsed = 724.1s
[Step 430] elapsed = 731.5s
[Step 435] elapsed = 739.0s
[Step 440] elapsed = 746.4s
[Step 445] elapsed = 758.8s
[Step 450] elapsed = 775.0s
[Step 455] elapsed = 790.7s
[Step 460] elapsed = 803.2s
[Step 465] elapsed = 810.6s
[Step 470] elapsed = 818.0s
[Step 475] elapsed = 825.4s
[Step 480] elapsed = 832.9s
[Step 485] elapsed = 840.3s
[Step 490] elapsed = 847.7s
[Step 495] elapsed = 855.1s
[Step 500] elapsed = 862.5s
[Step 505] elapsed = 869.9s
[Step 510] elapsed = 877.3s
[Step 515] elapsed = 884.7s
[Step 520] elapsed = 892.2s
[Step 525] elapsed = 900.2s
[Step 530] elapsed = 907.6s
[Step 535] elapsed = 915.0s
[Step 540] elapsed = 922.4s
[Step 545] elapsed = 929.8s
[Step 550] elapsed = 937.2s
[Step 555] elapsed = 944.7s
[Step 560] elapsed = 952.1s
[Step 565] elapsed = 959.5s
[Step 570] elapsed = 966.9s
[Step 575] elapsed = 974.3s
[Step 580] elapsed = 981.7s
[Step 585] elapsed = 989.2s
[Step 590] elapsed = 996.6s
[Step 595] elapsed = 1004.0s
[Step 600] elapsed = 1011.4s
[Step 605] elapsed = 1018.8s
[Step 610] elapsed = 1026.3s
[Step 615] elapsed = 1033.7s
[Step 620] elapsed = 1041.1s
[Step 625] elapsed = 1048.5s
[Step 630] elapsed = 1055.9s
[Step 635] elapsed = 1063.3s
[Step 640] elapsed = 1070.8s
[Step 645] elapsed = 1078.2s
[Step 650] elapsed = 1086.9s
[Step 655] elapsed = 1103.1s
[Step 660] elapsed = 1114.6s
[Step 665] elapsed = 1125.8s
[Step 670] elapsed = 1133.9s
[Step 675] elapsed = 1141.4s
[Step 680] elapsed = 1148.8s
[Step 685] elapsed = 1156.2s
[Step 690] elapsed = 1163.6s
[Step 695] elapsed = 1171.0s
[Step 700] elapsed = 1178.4s
[Step 705] elapsed = 1185.8s
[Step 710] elapsed = 1193.2s
[Step 715] elapsed = 1200.7s
[Step 720] elapsed = 1208.1s
[Step 725] elapsed = 1215.5s
[Step 730] elapsed = 1222.9s
[Step 735] elapsed = 1230.3s
[Step 740] elapsed = 1237.7s
[Step 745] elapsed = 1245.2s
[Step 750] elapsed = 1252.6s
[Step 755] elapsed = 1260.0s
[Step 760] elapsed = 1267.4s
[Step 765] elapsed = 1283.3s
[Step 770] elapsed = 1297.4s
[Step 775] elapsed = 1308.7s
[Step 780] elapsed = 1325.1s
[Step 785] elapsed = 1334.4s
[Step 790] elapsed = 1341.8s
[Step 795] elapsed = 1349.2s
[Step 800] elapsed = 1356.6s
[Step 805] elapsed = 1364.1s
[Step 810] elapsed = 1371.5s
[Step 815] elapsed = 1378.9s
[Step 820] elapsed = 1386.3s
[Step 825] elapsed = 1393.7s
[Step 830] elapsed = 1401.1s
[Step 835] elapsed = 1408.5s
[Step 840] elapsed = 1416.0s
[Step 845] elapsed = 1423.4s
[Step 850] elapsed = 1430.8s
[Step 855] elapsed = 1438.2s
[Step 860] elapsed = 1445.6s
[Step 865] elapsed = 1457.9s
[Step 870] elapsed = 1472.9s
[Step 875] elapsed = 1486.3s
[Step 880] elapsed = 1496.5s
[Step 885] elapsed = 1503.9s
[Step 890] elapsed = 1511.3s
[Step 895] elapsed = 1518.7s
[Step 900] elapsed = 1526.1s
[Step 905] elapsed = 1533.5s
[Step 910] elapsed = 1540.9s
[Step 915] elapsed = 1548.4s
[Step 920] elapsed = 1555.8s
[Step 925] elapsed = 1563.2s
[Step 930] elapsed = 1570.6s
[Step 935] elapsed = 1578.0s
[Step 940] elapsed = 1585.4s
[Step 945] elapsed = 1596.2s
[Step 950] elapsed = 1612.2s
[Step 955] elapsed = 1626.6s
[Step 960] elapsed = 1634.0s
[Step 965] elapsed = 1641.4s
[Step 970] elapsed = 1648.8s
[Step 975] elapsed = 1656.3s
[Step 980] elapsed = 1663.7s
[Step 985] elapsed = 1671.1s
[Step 990] elapsed = 1678.5s
[Step 995] elapsed = 1685.9s
[Step 1000] elapsed = 1693.3s
[Step 1005] elapsed = 1700.7s
[Step 1010] elapsed = 1708.1s
[Step 1015] elapsed = 1715.5s
[Step 1020] elapsed = 1723.8s
[Step 1025] elapsed = 1731.9s
[Step 1030] elapsed = 1739.3s
[Step 1035] elapsed = 1746.7s
[Step 1040] elapsed = 1754.1s
[Step 1045] elapsed = 1761.6s
[Step 1050] elapsed = 1769.0s
[Step 1055] elapsed = 1776.4s
[Step 1060] elapsed = 1783.8s
[Step 1065] elapsed = 1791.2s
[Step 1070] elapsed = 1798.6s
[Step 1075] elapsed = 1806.1s
[Step 1080] elapsed = 1813.5s
[Step 1085] elapsed = 1820.9s
[Step 1090] elapsed = 1828.3s
[Step 1095] elapsed = 1835.7s
[Step 1100] elapsed = 1843.1s
[Step 1105] elapsed = 1850.6s
[Step 1110] elapsed = 1858.0s
[Step 1115] elapsed = 1865.4s
[Step 1120] elapsed = 1872.8s
[Step 1125] elapsed = 1880.2s
[Step 1130] elapsed = 1887.6s
[Step 1135] elapsed = 1895.0s
[Step 1140] elapsed = 1902.4s
[Step 1145] elapsed = 1909.9s
[Step 1150] elapsed = 1917.8s
[Step 1155] elapsed = 1934.1s
[Step 1160] elapsed = 1944.7s
[Step 1165] elapsed = 1955.4s
[Step 1170] elapsed = 1963.3s
[Step 1175] elapsed = 1970.7s
[Step 1180] elapsed = 1978.1s
[Step 1185] elapsed = 1985.5s
[Step 1190] elapsed = 1993.0s
[Step 1195] elapsed = 2000.4s
[Step 1200] elapsed = 2007.8s
[Step 1205] elapsed = 2015.2s
[Step 1210] elapsed = 2022.6s
[Step 1215] elapsed = 2030.0s
[Step 1220] elapsed = 2037.4s
[Step 1225] elapsed = 2044.9s
[Step 1230] elapsed = 2052.3s
[Step 1235] elapsed = 2059.7s
[Step 1240] elapsed = 2067.1s
[Step 1245] elapsed = 2074.5s
[Step 1250] elapsed = 2081.9s
[Step 1255] elapsed = 2089.4s
[Step 1260] elapsed = 2096.8s
[Step 1265] elapsed = 2104.8s
[Step 1270] elapsed = 2121.1s
[Step 1275] elapsed = 2135.1s
[Step 1280] elapsed = 2145.2s
[Step 1285] elapsed = 2154.7s
[Step 1290] elapsed = 2162.1s
[Step 1295] elapsed = 2169.5s
[Step 1300] elapsed = 2176.9s
[Step 1305] elapsed = 2184.3s
[Step 1310] elapsed = 2191.7s
[Step 1315] elapsed = 2199.1s
[Step 1320] elapsed = 2206.6s
[Step 1325] elapsed = 2214.0s
[Step 1330] elapsed = 2221.4s
[Step 1335] elapsed = 2228.8s
[Step 1340] elapsed = 2236.2s
[Step 1345] elapsed = 2243.6s
[Step 1350] elapsed = 2251.1s
[Step 1355] elapsed = 2258.5s
[Step 1360] elapsed = 2265.9s
[Step 1365] elapsed = 2273.3s
[Step 1370] elapsed = 2281.7s
[Step 1375] elapsed = 2298.0s
[Step 1380] elapsed = 2312.4s
[Step 1385] elapsed = 2321.6s
[Step 1390] elapsed = 2329.0s
[Step 1395] elapsed = 2336.4s
[Step 1400] elapsed = 2343.8s
[Step 1405] elapsed = 2351.2s
[Step 1410] elapsed = 2358.6s
[Step 1415] elapsed = 2366.0s
[Step 1420] elapsed = 2373.4s
[Step 1425] elapsed = 2380.9s
[Step 1430] elapsed = 2388.3s
[Step 1435] elapsed = 2395.7s
[Step 1440] elapsed = 2403.1s
[Step 1445] elapsed = 2410.5s
[Step 1450] elapsed = 2417.9s
[Step 1455] elapsed = 2426.7s
[Step 1460] elapsed = 2442.9s
[Step 1465] elapsed = 2458.4s
[Step 1470] elapsed = 2466.9s
[Step 1475] elapsed = 2474.4s
[Step 1480] elapsed = 2481.9s
[Step 1485] elapsed = 2489.3s
[Step 1490] elapsed = 2496.7s
[Step 1495] elapsed = 2504.1s
[Step 1500] elapsed = 2511.5s
[Step 1505] elapsed = 2518.9s
[Step 1510] elapsed = 2526.3s
[Step 1515] elapsed = 2533.7s
[Step 1520] elapsed = 2541.2s
[Step 1525] elapsed = 2548.6s
[Step 1530] elapsed = 2556.0s
[Step 1535] elapsed = 2564.9s
[Step 1540] elapsed = 2572.3s
[Step 1545] elapsed = 2579.8s
[Step 1550] elapsed = 2587.2s
[Step 1555] elapsed = 2594.6s
[Step 1560] elapsed = 2602.0s
[Step 1565] elapsed = 2609.4s
[Step 1570] elapsed = 2616.9s
[Step 1575] elapsed = 2624.3s
[Step 1580] elapsed = 2631.7s
[Step 1585] elapsed = 2639.1s
[Step 1590] elapsed = 2646.5s
[Step 1595] elapsed = 2654.0s
[Step 1600] elapsed = 2661.4s
[Step 1605] elapsed = 2668.8s
[Step 1610] elapsed = 2676.2s
[Step 1615] elapsed = 2683.6s
[Step 1620] elapsed = 2691.1s
[Step 1625] elapsed = 2698.5s
[Step 1630] elapsed = 2705.9s
[Step 1635] elapsed = 2713.3s
[Step 1640] elapsed = 2720.7s
[Step 1645] elapsed = 2728.2s
[Step 1650] elapsed = 2735.6s
[Step 1655] elapsed = 2743.0s
[Step 1660] elapsed = 2750.4s
[Step 1665] elapsed = 2765.0s
[Step 1670] elapsed = 2781.4s
[Step 1675] elapsed = 2790.8s
[Step 1680] elapsed = 2801.1s
[Step 1685] elapsed = 2809.0s
[Step 1690] elapsed = 2816.5s
[Step 1695] elapsed = 2823.9s
[Step 1700] elapsed = 2831.3s
[Step 1705] elapsed = 2838.7s
[Step 1710] elapsed = 2846.1s
[Step 1715] elapsed = 2853.5s
[Step 1720] elapsed = 2860.9s
[Step 1725] elapsed = 2868.4s
[Step 1730] elapsed = 2875.8s
[Step 1735] elapsed = 2883.2s
[Step 1740] elapsed = 2890.6s
[Step 1745] elapsed = 2898.0s
[Step 1750] elapsed = 2905.4s
[Step 1755] elapsed = 2912.8s
[Step 1760] elapsed = 2920.2s
[Step 1765] elapsed = 2927.7s
[Step 1770] elapsed = 2935.1s
[Step 1775] elapsed = 2949.7s
[Step 1780] elapsed = 2963.2s
[Step 1785] elapsed = 2972.3s
[Step 1790] elapsed = 2982.7s
[Step 1795] elapsed = 2990.1s
[Step 1800] elapsed = 2997.6s
[Step 1805] elapsed = 3005.0s
[Step 1810] elapsed = 3012.4s
[Step 1815] elapsed = 3019.8s
[Step 1820] elapsed = 3027.2s
[Step 1825] elapsed = 3034.6s
[Step 1830] elapsed = 3042.0s
[Step 1835] elapsed = 3049.4s
[Step 1840] elapsed = 3056.8s
[Step 1845] elapsed = 3064.2s
[Step 1850] elapsed = 3071.7s
[Step 1855] elapsed = 3079.1s
[Step 1860] elapsed = 3086.5s
[Step 1865] elapsed = 3093.9s
[Step 1870] elapsed = 3101.3s
[Step 1875] elapsed = 3108.7s
[Step 1880] elapsed = 3124.5s
[Step 1885] elapsed = 3140.2s
[Step 1890] elapsed = 3152.5s
[Step 1895] elapsed = 3160.7s
[Step 1900] elapsed = 3168.1s
[Step 1905] elapsed = 3175.6s
[Step 1910] elapsed = 3183.0s
[Step 1915] elapsed = 3190.4s
[Step 1920] elapsed = 3197.8s
[Step 1925] elapsed = 3205.2s
[Step 1930] elapsed = 3212.6s
[Step 1935] elapsed = 3220.0s
[Step 1940] elapsed = 3227.4s
[Step 1945] elapsed = 3234.8s
[Step 1950] elapsed = 3242.2s
[Step 1955] elapsed = 3249.6s
[Step 1960] elapsed = 3262.8s
[Step 1965] elapsed = 3278.3s
[Step 1970] elapsed = 3294.3s
[Step 1975] elapsed = 3302.0s
[Step 1980] elapsed = 3309.5s
[Step 1985] elapsed = 3316.9s
[Step 1990] elapsed = 3324.3s
[Step 1995] elapsed = 3331.7s
[Step 2000] elapsed = 3339.1s
[Step 2005] elapsed = 3346.5s
[Step 2010] elapsed = 3354.0s
[Step 2015] elapsed = 3361.4s
[Step 2020] elapsed = 3368.8s
[Step 2025] elapsed = 3376.2s
[Step 2030] elapsed = 3383.6s
[Step 2035] elapsed = 3391.0s
[Step 2040] elapsed = 3400.0s
[Step 2045] elapsed = 3407.4s
[Step 2050] elapsed = 3414.8s
[Step 2055] elapsed = 3422.2s
[Step 2060] elapsed = 3429.6s
[Step 2065] elapsed = 3437.0s
[Step 2070] elapsed = 3444.5s
[Step 2075] elapsed = 3451.9s
[Step 2080] elapsed = 3459.3s
[Step 2085] elapsed = 3466.7s
[Step 2090] elapsed = 3474.1s
[Step 2095] elapsed = 3481.6s
[Step 2100] elapsed = 3489.0s
[Step 2105] elapsed = 3496.4s
[Step 2110] elapsed = 3503.8s
[Step 2115] elapsed = 3511.2s
[Step 2120] elapsed = 3518.7s
[Step 2125] elapsed = 3526.1s
[Step 2130] elapsed = 3533.5s
[Step 2135] elapsed = 3540.9s
[Step 2140] elapsed = 3548.3s
[Step 2145] elapsed = 3555.7s
[Step 2150] elapsed = 3563.1s
[Step 2155] elapsed = 3570.6s
[Step 2160] elapsed = 3578.0s
[Step 2165] elapsed = 3585.4s
[Step 2170] elapsed = 3599.8s
[Step 2175] elapsed = 3612.7s
[Step 2180] elapsed = 3621.5s
[Step 2185] elapsed = 3630.6s
[Step 2190] elapsed = 3638.0s
[Step 2195] elapsed = 3645.4s
[Step 2200] elapsed = 3652.8s
[Step 2205] elapsed = 3660.3s
[Step 2210] elapsed = 3667.7s
[Step 2215] elapsed = 3675.1s
[Step 2220] elapsed = 3682.5s
[Step 2225] elapsed = 3689.9s
[Step 2230] elapsed = 3697.3s
[Step 2235] elapsed = 3704.7s
[Step 2240] elapsed = 3712.2s
[Step 2245] elapsed = 3719.6s
[Step 2250] elapsed = 3727.0s
[Step 2255] elapsed = 3734.4s
[Step 2260] elapsed = 3741.8s
[Step 2265] elapsed = 3749.2s
[Step 2270] elapsed = 3756.7s
[Step 2275] elapsed = 3764.1s
[Step 2280] elapsed = 3778.0s
[Step 2285] elapsed = 3793.6s
[Step 2290] elapsed = 3804.7s
[Step 2295] elapsed = 3816.4s
[Step 2300] elapsed = 3825.9s
[Step 2305] elapsed = 3833.3s
[Step 2310] elapsed = 3840.7s
[Step 2315] elapsed = 3848.1s
[Step 2320] elapsed = 3855.5s
[Step 2325] elapsed = 3863.0s
[Step 2330] elapsed = 3870.4s
[Step 2335] elapsed = 3877.8s
[Step 2340] elapsed = 3885.2s
[Step 2345] elapsed = 3892.6s
[Step 2350] elapsed = 3900.0s
[Step 2355] elapsed = 3907.4s
[Step 2360] elapsed = 3914.8s
[Step 2365] elapsed = 3922.3s
[Step 2370] elapsed = 3929.7s
[Step 2375] elapsed = 3937.1s
[Step 2380] elapsed = 3946.4s
[Step 2385] elapsed = 3962.5s
[Step 2390] elapsed = 3977.4s
[Step 2395] elapsed = 3986.0s
[Step 2400] elapsed = 3993.5s
[Step 2405] elapsed = 4000.9s
[Step 2410] elapsed = 4008.3s
[Step 2415] elapsed = 4015.7s
[Step 2420] elapsed = 4023.2s
[Step 2425] elapsed = 4030.6s
[Step 2430] elapsed = 4038.0s
[Step 2435] elapsed = 4045.4s
[Step 2440] elapsed = 4052.8s
[Step 2445] elapsed = 4060.2s
[Step 2450] elapsed = 4067.6s
[Step 2455] elapsed = 4075.0s
[Step 2460] elapsed = 4082.4s
[Step 2465] elapsed = 4098.6s
[Step 2470] elapsed = 4114.7s
[Step 2475] elapsed = 4126.8s
[Step 2480] elapsed = 4134.3s
[Step 2485] elapsed = 4141.7s
[Step 2490] elapsed = 4149.1s
[Step 2495] elapsed = 4156.5s
[Step 2500] elapsed = 4163.9s
[Step 2505] elapsed = 4171.3s
[Step 2510] elapsed = 4178.7s
[Step 2515] elapsed = 4186.1s
[Step 2520] elapsed = 4193.5s
[Step 2525] elapsed = 4200.9s
[Step 2530] elapsed = 4208.4s
[Step 2535] elapsed = 4215.8s
[Step 2540] elapsed = 4224.6s
[Step 2545] elapsed = 4232.1s
[Step 2550] elapsed = 4239.5s
[Step 2555] elapsed = 4247.1s
[Step 2560] elapsed = 4254.5s
[Step 2565] elapsed = 4261.9s
[Step 2570] elapsed = 4269.3s
[Step 2575] elapsed = 4276.7s
[Step 2580] elapsed = 4284.1s
[Step 2585] elapsed = 4291.5s
[Step 2590] elapsed = 4298.9s
[Step 2595] elapsed = 4306.3s
[Step 2600] elapsed = 4313.7s
[Step 2605] elapsed = 4321.1s
[Step 2610] elapsed = 4328.5s
[Step 2615] elapsed = 4336.0s
[Step 2620] elapsed = 4343.4s
[Step 2625] elapsed = 4350.8s
[Step 2630] elapsed = 4358.3s
[Step 2635] elapsed = 4365.7s
[Step 2640] elapsed = 4373.1s
[Step 2645] elapsed = 4380.5s
[Step 2650] elapsed = 4387.9s
[Step 2655] elapsed = 4395.3s
[Step 2660] elapsed = 4402.7s
[Step 2665] elapsed = 4410.1s
[Step 2670] elapsed = 4417.5s
[Step 2675] elapsed = 4425.0s
[Step 2680] elapsed = 4432.4s
[Step 2685] elapsed = 4439.8s
[Step 2690] elapsed = 4447.2s
[Step 2695] elapsed = 4454.6s
[Step 2700] elapsed = 4462.0s
[Step 2705] elapsed = 4469.4s
[Step 2710] elapsed = 4476.8s
[Step 2715] elapsed = 4484.2s
[Step 2720] elapsed = 4491.6s
[Step 2725] elapsed = 4499.0s
[Step 2730] elapsed = 4506.4s
[Step 2735] elapsed = 4513.8s
[Step 2740] elapsed = 4521.2s
[Step 2745] elapsed = 4528.6s
[Step 2750] elapsed = 4536.0s
[Step 2755] elapsed = 4543.5s
[Step 2760] elapsed = 4550.9s
[Step 2765] elapsed = 4558.3s
[Step 2770] elapsed = 4565.7s
[Step 2775] elapsed = 4573.1s
[Step 2780] elapsed = 4580.5s
[Step 2785] elapsed = 4587.9s
[Step 2790] elapsed = 4595.3s
[Step 2795] elapsed = 4602.8s
[Step 2800] elapsed = 4610.2s
[Step 2805] elapsed = 4617.6s
[Step 2810] elapsed = 4625.0s
[Step 2815] elapsed = 4632.4s
[Step 2820] elapsed = 4639.8s
[Step 2825] elapsed = 4647.2s
[Step 2830] elapsed = 4654.7s
[Step 2835] elapsed = 4662.1s
[Step 2840] elapsed = 4669.5s
[Step 2845] elapsed = 4676.9s
[Step 2850] elapsed = 4684.3s
[Step 2855] elapsed = 4691.7s
[Step 2860] elapsed = 4699.1s
[Step 2865] elapsed = 4706.5s
[Step 2870] elapsed = 4713.9s
[Step 2875] elapsed = 4721.3s
[Step 2880] elapsed = 4728.8s
[Step 2885] elapsed = 4736.2s
[Step 2890] elapsed = 4743.6s
[Step 2895] elapsed = 4751.0s
[Step 2900] elapsed = 4758.4s
[Step 2905] elapsed = 4765.8s
[Step 2910] elapsed = 4773.3s
[Step 2915] elapsed = 4780.7s
[Step 2920] elapsed = 4788.1s
[Step 2925] elapsed = 4795.5s
[Step 2930] elapsed = 4802.9s
[Step 2935] elapsed = 4810.3s
[Step 2940] elapsed = 4817.7s
[Step 2945] elapsed = 4825.2s
[Step 2950] elapsed = 4832.6s
[Step 2955] elapsed = 4840.0s
[Step 2960] elapsed = 4847.4s
[Step 2965] elapsed = 4854.8s
[Step 2970] elapsed = 4862.2s
[Step 2975] elapsed = 4869.6s
[Step 2980] elapsed = 4877.0s
[Step 2985] elapsed = 4884.5s
[Step 2990] elapsed = 4891.9s
[Step 2995] elapsed = 4899.3s
[Step 3000] elapsed = 4906.7s
[Step 3005] elapsed = 4914.1s
[Step 3010] elapsed = 4921.5s
[Step 3015] elapsed = 4928.9s
[Step 3020] elapsed = 4936.3s
[Step 3025] elapsed = 4943.7s
[Step 3030] elapsed = 4951.1s
[Step 3035] elapsed = 4958.5s
[Step 3040] elapsed = 4965.9s
[Step 3045] elapsed = 4973.3s
[Step 3050] elapsed = 4980.7s
[Step 3055] elapsed = 4988.1s
[Step 3060] elapsed = 4995.6s
[Step 3065] elapsed = 5003.0s
[Step 3070] elapsed = 5010.4s
[Step 3075] elapsed = 5017.8s
[Step 3080] elapsed = 5025.2s
[Step 3085] elapsed = 5032.6s
[Step 3090] elapsed = 5040.0s
[Step 3095] elapsed = 5047.4s
[Step 3100] elapsed = 5054.8s
[Step 3105] elapsed = 5062.3s
[Step 3110] elapsed = 5069.7s
[Step 3115] elapsed = 5077.1s
[Step 3120] elapsed = 5084.5s
[Step 3125] elapsed = 5091.9s
[Step 3130] elapsed = 5099.3s
[Step 3135] elapsed = 5106.7s
[Step 3140] elapsed = 5114.1s
[Step 3145] elapsed = 5121.6s
[Step 3150] elapsed = 5129.0s
[Step 3155] elapsed = 5136.4s
[Step 3160] elapsed = 5143.8s
[Step 3165] elapsed = 5151.2s
[Step 3170] elapsed = 5158.6s
[Step 3175] elapsed = 5166.0s
[Step 3180] elapsed = 5173.5s
[Step 3185] elapsed = 5180.9s
[Step 3190] elapsed = 5188.3s
[Step 3195] elapsed = 5195.7s
[Step 3200] elapsed = 5203.1s
[Step 3205] elapsed = 5210.5s
[Step 3210] elapsed = 5217.9s
[Step 3215] elapsed = 5225.3s
[Step 3220] elapsed = 5232.8s
[Step 3225] elapsed = 5240.2s
[Step 3230] elapsed = 5247.6s
[Step 3235] elapsed = 5255.0s
[Step 3240] elapsed = 5262.4s
[Step 3245] elapsed = 5269.8s
[Step 3250] elapsed = 5277.3s
[Step 3255] elapsed = 5284.7s
[Step 3260] elapsed = 5292.1s
[Step 3265] elapsed = 5299.5s
[Step 3270] elapsed = 5306.9s
[Step 3275] elapsed = 5314.3s
[Step 3280] elapsed = 5321.7s
[Step 3285] elapsed = 5329.2s
[Step 3290] elapsed = 5336.6s
[Step 3295] elapsed = 5344.0s
[Step 3300] elapsed = 5351.4s
[Step 3305] elapsed = 5358.8s
[Step 3310] elapsed = 5366.2s
[Step 3315] elapsed = 5373.6s
[Step 3320] elapsed = 5381.1s
[Step 3325] elapsed = 5388.5s
[Step 3330] elapsed = 5395.9s
[Step 3335] elapsed = 5403.3s
[Step 3340] elapsed = 5410.7s
[Step 3345] elapsed = 5418.1s
[Step 3350] elapsed = 5425.5s
[Step 3355] elapsed = 5433.0s
[Step 3360] elapsed = 5440.4s
[Step 3365] elapsed = 5447.8s
[Step 3370] elapsed = 5455.2s
[Step 3375] elapsed = 5462.6s
[Step 3380] elapsed = 5470.0s
[Step 3385] elapsed = 5477.5s
[Step 3390] elapsed = 5484.9s
[Step 3395] elapsed = 5492.3s
[Step 3400] elapsed = 5499.7s
[Step 3405] elapsed = 5507.1s
[Step 3410] elapsed = 5514.5s
[Step 3415] elapsed = 5521.9s
[Step 3420] elapsed = 5529.3s
[Step 3425] elapsed = 5536.8s
[Step 3430] elapsed = 5544.2s
[Step 3435] elapsed = 5551.6s
[Step 3440] elapsed = 5559.0s
[Step 3445] elapsed = 5566.4s
[Step 3450] elapsed = 5573.8s
[Step 3455] elapsed = 5581.2s
[Step 3460] elapsed = 5588.7s
[Step 3465] elapsed = 5596.1s
[Step 3470] elapsed = 5603.5s
[Step 3475] elapsed = 5610.9s
[Step 3480] elapsed = 5618.3s
[Step 3485] elapsed = 5625.7s
[Step 3490] elapsed = 5633.2s
[Step 3495] elapsed = 5640.6s
[Step 3500] elapsed = 5648.0s
[Step 3505] elapsed = 5655.4s
[Step 3510] elapsed = 5662.8s
[Step 3515] elapsed = 5670.2s
[Step 3520] elapsed = 5677.7s
[Step 3525] elapsed = 5685.1s
[Step 3530] elapsed = 5692.5s
[Step 3535] elapsed = 5699.9s
[Step 3540] elapsed = 5707.3s
[Step 3545] elapsed = 5714.7s
[Step 3550] elapsed = 5722.1s
[Step 3555] elapsed = 5729.6s
[Step 3560] elapsed = 5737.0s
[Step 3565] elapsed = 5744.4s
[Step 3570] elapsed = 5751.8s
[Step 3575] elapsed = 5759.2s
[Step 3580] elapsed = 5766.6s
[Step 3585] elapsed = 5774.0s
[Step 3590] elapsed = 5781.5s
[Step 3595] elapsed = 5788.9s
[Step 3600] elapsed = 5796.3s
[Step 3605] elapsed = 5803.7s
[Step 3610] elapsed = 5811.1s
[Step 3615] elapsed = 5818.5s
[Step 3620] elapsed = 5825.9s
[Step 3625] elapsed = 5833.4s
[Step 3630] elapsed = 5840.8s
[Step 3635] elapsed = 5848.2s
[Step 3640] elapsed = 5855.6s
[Step 3645] elapsed = 5863.0s
[Step 3650] elapsed = 5870.4s
[Step 3655] elapsed = 5877.9s
[Step 3660] elapsed = 5885.3s
[Step 3665] elapsed = 5892.7s
[Step 3670] elapsed = 5900.1s
[Step 3675] elapsed = 5907.5s
[Step 3680] elapsed = 5914.9s
[Step 3685] elapsed = 5922.3s
[Step 3690] elapsed = 5929.8s
[Step 3695] elapsed = 5937.2s
[Step 3700] elapsed = 5944.6s
[Step 3705] elapsed = 5952.0s
[Step 3710] elapsed = 5959.4s
[Step 3715] elapsed = 5966.8s
[Step 3720] elapsed = 5974.2s
[Step 3725] elapsed = 5981.6s
[Step 3730] elapsed = 5989.1s
[Step 3735] elapsed = 5996.5s
[Step 3740] elapsed = 6003.9s
[Step 3745] elapsed = 6011.3s
[Step 3750] elapsed = 6018.7s
[Step 3755] elapsed = 6026.1s
[Step 3760] elapsed = 6033.6s
[Step 3765] elapsed = 6041.0s
[Step 3770] elapsed = 6048.4s
[Step 3775] elapsed = 6055.8s
[Step 3780] elapsed = 6063.2s
[Step 3785] elapsed = 6070.6s
[Step 3790] elapsed = 6078.0s
[Step 3795] elapsed = 6085.5s
[Step 3800] elapsed = 6092.9s
[Step 3805] elapsed = 6100.3s
[Step 3810] elapsed = 6107.7s
[Step 3815] elapsed = 6115.1s
[Step 3820] elapsed = 6122.5s
[Step 3825] elapsed = 6129.9s
[Step 3830] elapsed = 6137.4s
[Step 3835] elapsed = 6144.8s
[Step 3840] elapsed = 6152.2s
[Step 3845] elapsed = 6159.6s
[Step 3850] elapsed = 6167.0s
[Step 3855] elapsed = 6174.4s
[Step 3860] elapsed = 6181.8s
[Step 3865] elapsed = 6189.3s
[Step 3870] elapsed = 6196.7s
[Step 3875] elapsed = 6204.1s
[Step 3880] elapsed = 6211.5s
[Step 3885] elapsed = 6218.9s
[Step 3890] elapsed = 6226.3s
[Step 3895] elapsed = 6233.8s
[Step 3900] elapsed = 6241.2s
[Step 3905] elapsed = 6248.6s
[Step 3910] elapsed = 6256.0s
[Step 3915] elapsed = 6263.4s
[Step 3920] elapsed = 6270.8s
[Step 3925] elapsed = 6278.2s
[Step 3930] elapsed = 6285.7s
[Step 3935] elapsed = 6293.1s
[Step 3940] elapsed = 6300.5s
[Step 3945] elapsed = 6307.9s
[Step 3950] elapsed = 6315.3s
[Step 3955] elapsed = 6322.7s
[Step 3960] elapsed = 6330.1s
[Step 3965] elapsed = 6337.5s
[Step 3970] elapsed = 6345.0s
[Step 3975] elapsed = 6352.4s
[Step 3980] elapsed = 6359.8s
[Step 3985] elapsed = 6367.2s
[Step 3990] elapsed = 6374.6s
[Step 3995] elapsed = 6382.0s
[Step 4000] elapsed = 6389.4s
[Step 4005] elapsed = 6396.9s
[Step 4010] elapsed = 6404.3s
[Step 4015] elapsed = 6411.7s
[Step 4020] elapsed = 6419.1s
[Step 4025] elapsed = 6426.5s
[Step 4030] elapsed = 6433.9s
[Step 4035] elapsed = 6441.4s
[Step 4040] elapsed = 6448.8s
[Step 4045] elapsed = 6456.2s
[Step 4050] elapsed = 6463.6s
[Step 4055] elapsed = 6471.0s
[Step 4060] elapsed = 6478.4s
[Step 4065] elapsed = 6485.8s
[Step 4070] elapsed = 6493.3s
[Step 4075] elapsed = 6500.7s
[Step 4080] elapsed = 6508.1s
[Step 4085] elapsed = 6515.5s
[Step 4090] elapsed = 6522.9s
[Step 4095] elapsed = 6530.3s
[Step 4100] elapsed = 6537.7s
[Step 4105] elapsed = 6545.2s
[Step 4110] elapsed = 6552.6s
[Step 4115] elapsed = 6560.0s
[Step 4120] elapsed = 6567.4s
[Step 4125] elapsed = 6574.8s
[Step 4130] elapsed = 6582.2s
[Step 4135] elapsed = 6589.6s
[Step 4140] elapsed = 6597.1s
[Step 4145] elapsed = 6604.5s
[Step 4150] elapsed = 6611.9s
[Step 4155] elapsed = 6619.3s
[Step 4160] elapsed = 6626.7s
[Step 4165] elapsed = 6634.1s
[Step 4170] elapsed = 6641.5s
[Step 4175] elapsed = 6649.0s
[Step 4180] elapsed = 6656.4s
[Step 4185] elapsed = 6663.8s
[Step 4190] elapsed = 6671.2s
[Step 4195] elapsed = 6678.6s
[Step 4200] elapsed = 6686.0s
[Step 4205] elapsed = 6693.4s
[Step 4210] elapsed = 6700.9s
[Step 4215] elapsed = 6708.3s
[Step 4220] elapsed = 6715.7s
[Step 4225] elapsed = 6723.1s
[Step 4230] elapsed = 6730.5s
[Step 4235] elapsed = 6737.9s
[Step 4240] elapsed = 6745.3s
[Step 4245] elapsed = 6752.8s
[Step 4250] elapsed = 6760.2s
[Step 4255] elapsed = 6767.6s
[Step 4260] elapsed = 6775.0s
[Step 4265] elapsed = 6782.4s
[Step 4270] elapsed = 6789.8s
[Step 4275] elapsed = 6797.2s
[Step 4280] elapsed = 6804.6s
[Step 4285] elapsed = 6812.0s
[Step 4290] elapsed = 6819.5s
[Step 4295] elapsed = 6826.9s
[Step 4300] elapsed = 6834.3s
[Step 4305] elapsed = 6841.7s
[Step 4310] elapsed = 6849.1s
[Step 4315] elapsed = 6856.5s
[Step 4320] elapsed = 6864.0s
[Step 4325] elapsed = 6871.4s
[Step 4330] elapsed = 6878.8s
[Step 4335] elapsed = 6886.2s
[Step 4340] elapsed = 6893.6s
[Step 4345] elapsed = 6901.0s
[Step 4350] elapsed = 6908.4s
[Step 4355] elapsed = 6915.9s
[Step 4360] elapsed = 6923.3s
[Step 4365] elapsed = 6930.7s
[Step 4370] elapsed = 6938.1s
[Step 4375] elapsed = 6945.5s
[Step 4380] elapsed = 6952.9s
[Step 4385] elapsed = 6960.3s
[Step 4390] elapsed = 6967.8s
[Step 4395] elapsed = 6975.2s
[Step 4400] elapsed = 6982.6s
[Step 4405] elapsed = 6990.0s
[Step 4410] elapsed = 6997.4s
[Step 4415] elapsed = 7004.8s
[Step 4420] elapsed = 7012.3s
[Step 4425] elapsed = 7019.7s
[Step 4430] elapsed = 7027.1s
[Step 4435] elapsed = 7034.5s
[Step 4440] elapsed = 7041.9s
[Step 4445] elapsed = 7049.3s
[Step 4450] elapsed = 7056.7s
[Step 4455] elapsed = 7064.2s
[Step 4460] elapsed = 7071.6s
[Step 4465] elapsed = 7079.0s
[Step 4470] elapsed = 7086.4s
[Step 4475] elapsed = 7093.8s
[Step 4480] elapsed = 7101.2s
[Step 4485] elapsed = 7108.7s
[Step 4490] elapsed = 7116.1s
[Step 4495] elapsed = 7123.5s
[Step 4500] elapsed = 7130.9s
[Step 4505] elapsed = 7138.3s
[Step 4510] elapsed = 7145.7s
[Step 4515] elapsed = 7153.2s
[Step 4520] elapsed = 7160.6s
[Step 4525] elapsed = 7168.0s
[Step 4530] elapsed = 7175.4s
[Step 4535] elapsed = 7182.8s
[Step 4540] elapsed = 7190.2s
[Step 4545] elapsed = 7197.7s
[Step 4550] elapsed = 7205.1s
[Step 4555] elapsed = 7212.5s
[Step 4560] elapsed = 7219.9s
[Step 4565] elapsed = 7227.3s
[Step 4570] elapsed = 7234.7s
[Step 4575] elapsed = 7242.1s
[Step 4580] elapsed = 7249.6s
[Step 4585] elapsed = 7257.0s
[Step 4590] elapsed = 7264.4s
[Step 4595] elapsed = 7271.8s
[Step 4600] elapsed = 7279.2s
[Step 4605] elapsed = 7286.6s
[Step 4610] elapsed = 7294.1s
[Step 4615] elapsed = 7301.5s
[Step 4620] elapsed = 7308.9s
[Step 4625] elapsed = 7316.3s
[Step 4630] elapsed = 7323.7s
[Step 4635] elapsed = 7331.1s
[Step 4640] elapsed = 7338.5s
[Step 4645] elapsed = 7346.0s
[Step 4650] elapsed = 7353.4s
[Step 4655] elapsed = 7360.8s
[Step 4660] elapsed = 7368.2s
[Step 4665] elapsed = 7375.6s
[Step 4670] elapsed = 7383.0s
[Step 4675] elapsed = 7390.4s
[Step 4680] elapsed = 7397.9s
[Step 4685] elapsed = 7405.3s
[Step 4690] elapsed = 7412.7s
[Step 4695] elapsed = 7420.1s
[Step 4700] elapsed = 7427.5s
[Step 4705] elapsed = 7434.9s
[Step 4710] elapsed = 7442.4s
[Step 4715] elapsed = 7449.8s
[Step 4720] elapsed = 7457.2s
[Step 4725] elapsed = 7464.6s
[Step 4730] elapsed = 7472.0s
[Step 4735] elapsed = 7479.4s
[Step 4740] elapsed = 7486.8s
[Step 4745] elapsed = 7494.3s
[Step 4750] elapsed = 7501.7s
[Step 4755] elapsed = 7509.1s
[Step 4760] elapsed = 7516.5s
[Step 4765] elapsed = 7523.9s
[Step 4770] elapsed = 7531.3s
[Step 4775] elapsed = 7538.7s
[Step 4780] elapsed = 7546.2s
[Step 4785] elapsed = 7553.6s
[Step 4790] elapsed = 7561.0s
[Step 4795] elapsed = 7568.4s
[Step 4800] elapsed = 7575.8s
[Step 4805] elapsed = 7583.2s
[Step 4810] elapsed = 7590.6s
[Step 4815] elapsed = 7598.1s
[Step 4820] elapsed = 7605.5s
[Step 4825] elapsed = 7612.9s
[Step 4830] elapsed = 7620.3s
[Step 4835] elapsed = 7627.7s
[Step 4840] elapsed = 7635.1s
[Step 4845] elapsed = 7642.5s
[Step 4850] elapsed = 7650.0s
[Step 4855] elapsed = 7657.4s
[Step 4860] elapsed = 7664.8s
[Step 4865] elapsed = 7672.2s
[Step 4870] elapsed = 7679.6s
[Step 4875] elapsed = 7687.0s
[Step 4880] elapsed = 7694.4s
[Step 4885] elapsed = 7701.8s
[Step 4890] elapsed = 7709.2s
[Step 4895] elapsed = 7716.7s
[Step 4900] elapsed = 7724.1s
[Step 4905] elapsed = 7731.5s
[Step 4910] elapsed = 7738.9s
[Step 4915] elapsed = 7746.3s
[Step 4920] elapsed = 7753.7s
[Step 4925] elapsed = 7761.2s
[Step 4930] elapsed = 7768.6s
[Step 4935] elapsed = 7776.0s
[Step 4940] elapsed = 7783.4s
[Step 4945] elapsed = 7790.8s
[Step 4950] elapsed = 7798.2s
[Step 4955] elapsed = 7805.6s
[Step 4960] elapsed = 7813.1s
[Step 4965] elapsed = 7820.5s
[Step 4970] elapsed = 7827.9s
[Step 4975] elapsed = 7835.3s
[Step 4980] elapsed = 7842.7s
[Step 4985] elapsed = 7850.1s
[Step 4990] elapsed = 7857.6s
[Step 4995] elapsed = 7865.0s
[Step 5000] elapsed = 7872.4s
[Step 5005] elapsed = 7879.8s
[Step 5010] elapsed = 7887.2s
[Step 5015] elapsed = 7894.6s
[Step 5020] elapsed = 7902.0s
[Step 5025] elapsed = 7909.5s
[Step 5030] elapsed = 7916.9s
[Step 5035] elapsed = 7924.3s
[Step 5040] elapsed = 7931.7s
[Step 5045] elapsed = 7939.1s
[Step 5050] elapsed = 7946.5s
[Step 5055] elapsed = 7954.0s
[Step 5060] elapsed = 7961.4s
[Step 5065] elapsed = 7968.8s
[Step 5070] elapsed = 7976.2s
[Step 5075] elapsed = 7983.6s
[Step 5080] elapsed = 7991.0s
[Step 5085] elapsed = 7998.4s
[Step 5090] elapsed = 8005.9s
[Step 5095] elapsed = 8013.3s
[Step 5100] elapsed = 8020.7s
[Step 5105] elapsed = 8028.1s
[Step 5110] elapsed = 8035.5s
[Step 5115] elapsed = 8042.9s
[Step 5120] elapsed = 8050.3s
[Step 5125] elapsed = 8057.8s
[Step 5130] elapsed = 8065.2s
[Step 5135] elapsed = 8072.6s
[Step 5140] elapsed = 8080.0s
[Step 5145] elapsed = 8087.4s
[Step 5150] elapsed = 8094.8s
[Step 5155] elapsed = 8102.3s
[Step 5160] elapsed = 8109.7s
[Step 5165] elapsed = 8117.1s
[Step 5170] elapsed = 8124.5s
[Step 5175] elapsed = 8131.9s
[Step 5180] elapsed = 8139.3s
[Step 5185] elapsed = 8146.7s
[Step 5190] elapsed = 8154.2s
[Step 5195] elapsed = 8161.6s
[Step 5200] elapsed = 8169.0s
[Step 5205] elapsed = 8176.4s
[Step 5210] elapsed = 8183.8s
[Step 5215] elapsed = 8191.2s
[Step 5220] elapsed = 8198.7s
[Step 5225] elapsed = 8206.1s
[Step 5230] elapsed = 8213.5s
[Step 5235] elapsed = 8220.9s
[Step 5240] elapsed = 8228.3s
[Step 5245] elapsed = 8235.7s
[Step 5250] elapsed = 8243.2s
[Step 5255] elapsed = 8250.6s
[Step 5260] elapsed = 8258.0s
[Step 5265] elapsed = 8265.4s
[Step 5270] elapsed = 8272.8s
[Step 5275] elapsed = 8280.2s
[Step 5280] elapsed = 8287.6s
[Step 5285] elapsed = 8295.1s
[Step 5290] elapsed = 8302.5s
[Step 5295] elapsed = 8309.9s
[Step 5300] elapsed = 8317.3s
[Step 5305] elapsed = 8324.7s
[Step 5310] elapsed = 8332.1s
[Step 5315] elapsed = 8339.6s
[Step 5320] elapsed = 8347.0s
[Step 5325] elapsed = 8354.4s
[Step 5330] elapsed = 8361.8s
[Step 5335] elapsed = 8369.2s
[Step 5340] elapsed = 8376.6s
[Step 5345] elapsed = 8384.1s
[Step 5350] elapsed = 8391.5s
[Step 5355] elapsed = 8398.9s
[Step 5360] elapsed = 8406.3s
[Step 5365] elapsed = 8413.7s
[Step 5370] elapsed = 8421.1s
[Step 5375] elapsed = 8428.6s
[Step 5380] elapsed = 8436.0s
[Step 5385] elapsed = 8443.4s
[Step 5390] elapsed = 8450.8s
[Step 5395] elapsed = 8458.2s
[Step 5400] elapsed = 8465.6s
[Step 5405] elapsed = 8473.0s
[Step 5410] elapsed = 8480.5s
[Step 5415] elapsed = 8487.9s
[Step 5420] elapsed = 8495.3s
[Step 5425] elapsed = 8502.7s
[Step 5430] elapsed = 8510.1s
[Step 5435] elapsed = 8517.5s
[Step 5440] elapsed = 8525.0s
[Step 5445] elapsed = 8532.4s
[Step 5450] elapsed = 8539.8s
[Step 5455] elapsed = 8547.2s
[Step 5460] elapsed = 8554.6s
[Step 5465] elapsed = 8562.0s
[Step 5470] elapsed = 8569.5s
[Step 5475] elapsed = 8576.9s
[Step 5480] elapsed = 8584.3s
[Step 5485] elapsed = 8591.7s
[Step 5490] elapsed = 8599.1s
[Step 5495] elapsed = 8606.5s
[Step 5500] elapsed = 8613.9s
[Step 5505] elapsed = 8621.4s
[Step 5510] elapsed = 8628.8s
[Step 5515] elapsed = 8636.2s
[Step 5520] elapsed = 8643.6s
[Step 5525] elapsed = 8651.0s
[Step 5530] elapsed = 8658.4s
[Step 5535] elapsed = 8665.9s
[Step 5540] elapsed = 8673.3s
[Step 5545] elapsed = 8680.7s
[Step 5550] elapsed = 8688.1s
[Step 5555] elapsed = 8695.5s
[Step 5560] elapsed = 8702.9s
[Step 5565] elapsed = 8710.4s
[Step 5570] elapsed = 8717.8s
[Step 5575] elapsed = 8725.2s
[Step 5580] elapsed = 8732.6s
[Step 5585] elapsed = 8740.0s
[Step 5590] elapsed = 8747.4s
[Step 5595] elapsed = 8754.8s
[Step 5600] elapsed = 8762.3s
[Step 5605] elapsed = 8769.7s
[Step 5610] elapsed = 8777.1s
[Step 5615] elapsed = 8784.5s
[Step 5620] elapsed = 8791.9s
[Step 5625] elapsed = 8799.3s
[Step 5630] elapsed = 8806.8s
[Step 5635] elapsed = 8814.2s
[Step 5640] elapsed = 8821.6s
[Step 5645] elapsed = 8829.0s
[Step 5650] elapsed = 8836.4s
[Step 5655] elapsed = 8843.8s
[Step 5660] elapsed = 8851.3s
[Step 5665] elapsed = 8858.7s
[Step 5670] elapsed = 8866.1s
[Step 5675] elapsed = 8873.5s
[Step 5680] elapsed = 8880.9s
[Step 5685] elapsed = 8888.3s
[Step 5690] elapsed = 8895.7s
[Step 5695] elapsed = 8903.2s
[Step 5700] elapsed = 8910.6s
[Step 5705] elapsed = 8918.0s
[Step 5710] elapsed = 8925.4s
[Step 5715] elapsed = 8932.8s
[Step 5720] elapsed = 8940.2s
[Step 5725] elapsed = 8947.6s
[Step 5730] elapsed = 8955.0s
[Step 5735] elapsed = 8962.5s
[Step 5740] elapsed = 8969.9s
[Step 5745] elapsed = 8977.3s
[Step 5750] elapsed = 8984.7s
[Step 5755] elapsed = 8992.1s
[Step 5760] elapsed = 8999.5s
[Step 5765] elapsed = 9006.9s
[Step 5770] elapsed = 9014.3s
[Step 5775] elapsed = 9021.8s
[Step 5780] elapsed = 9029.2s
[Step 5785] elapsed = 9036.6s
[Step 5790] elapsed = 9044.0s
[Step 5795] elapsed = 9051.4s
[Step 5800] elapsed = 9058.8s
[Step 5805] elapsed = 9066.2s
[Step 5810] elapsed = 9073.6s
[Step 5815] elapsed = 9081.1s
[Step 5820] elapsed = 9088.5s
[Step 5825] elapsed = 9095.9s
[Step 5830] elapsed = 9103.3s
[Step 5835] elapsed = 9110.7s
[Step 5840] elapsed = 9118.1s
[Step 5845] elapsed = 9125.5s
[Step 5850] elapsed = 9133.0s
[Step 5855] elapsed = 9140.4s
[Step 5860] elapsed = 9147.8s
[Step 5865] elapsed = 9155.2s
[Step 5870] elapsed = 9162.6s
[Step 5875] elapsed = 9170.0s
[Step 5880] elapsed = 9177.4s
[Step 5885] elapsed = 9184.9s
[Step 5890] elapsed = 9192.3s
[Step 5895] elapsed = 9199.7s
[Step 5900] elapsed = 9207.1s
[Step 5905] elapsed = 9214.5s
[Step 5910] elapsed = 9221.9s
[Step 5915] elapsed = 9229.4s
[Step 5920] elapsed = 9236.8s
[Step 5925] elapsed = 9244.2s
[Step 5930] elapsed = 9251.6s
[Step 5935] elapsed = 9259.0s
[Step 5940] elapsed = 9266.4s
[Step 5945] elapsed = 9273.8s
[Step 5950] elapsed = 9281.3s
[Step 5955] elapsed = 9288.7s
[Step 5960] elapsed = 9296.1s
[Step 5965] elapsed = 9303.5s
[Step 5970] elapsed = 9310.9s
[Step 5975] elapsed = 9318.3s
[Step 5980] elapsed = 9325.7s
[Step 5985] elapsed = 9333.2s
[Step 5990] elapsed = 9340.6s
[Step 5995] elapsed = 9348.0s
[Step 6000] elapsed = 9355.4s
[Step 6005] elapsed = 9362.8s
[Step 6010] elapsed = 9370.2s
[Step 6015] elapsed = 9377.6s
[Step 6020] elapsed = 9385.1s
[Step 6025] elapsed = 9392.5s
[Step 6030] elapsed = 9399.9s
[Step 6035] elapsed = 9407.3s
[Step 6040] elapsed = 9414.7s
[Step 6045] elapsed = 9422.1s
[Step 6050] elapsed = 9429.5s
[Step 6055] elapsed = 9436.9s
[Step 6060] elapsed = 9444.3s
[Step 6065] elapsed = 9451.7s
[Step 6070] elapsed = 9459.1s
[Step 6075] elapsed = 9466.6s
[Step 6080] elapsed = 9474.0s
[Step 6085] elapsed = 9481.4s
[Step 6090] elapsed = 9488.8s
[Step 6095] elapsed = 9496.2s
[Step 6100] elapsed = 9503.6s
[Step 6105] elapsed = 9511.0s
[Step 6110] elapsed = 9518.5s
[Step 6115] elapsed = 9525.9s
[Step 6120] elapsed = 9533.3s
[Step 6125] elapsed = 9540.7s
[Step 6130] elapsed = 9548.1s
[Step 6135] elapsed = 9555.5s
[Step 6140] elapsed = 9562.9s
[Step 6145] elapsed = 9570.4s
[Step 6150] elapsed = 9577.8s
[Step 6155] elapsed = 9585.2s
[Step 6160] elapsed = 9592.6s
[Step 6165] elapsed = 9600.0s
[Step 6170] elapsed = 9607.4s
[Step 6175] elapsed = 9614.8s
[Step 6180] elapsed = 9622.2s
[Step 6185] elapsed = 9629.7s
[Step 6190] elapsed = 9637.1s
[Step 6195] elapsed = 9644.5s
[Step 6200] elapsed = 9651.9s
[Step 6205] elapsed = 9659.3s
[Step 6210] elapsed = 9666.7s
[Step 6215] elapsed = 9674.1s
[Step 6220] elapsed = 9681.6s
[Step 6225] elapsed = 9689.0s
[Step 6230] elapsed = 9696.4s
[Step 6235] elapsed = 9703.8s
[Step 6240] elapsed = 9711.2s
[Step 6245] elapsed = 9718.6s
[Step 6250] elapsed = 9726.0s
[Step 6255] elapsed = 9733.5s
[Step 6260] elapsed = 9740.9s
[Step 6265] elapsed = 9748.3s
[Step 6270] elapsed = 9755.7s
[Step 6275] elapsed = 9763.1s
[Step 6280] elapsed = 9770.5s
[Step 6285] elapsed = 9777.9s
[Step 6290] elapsed = 9785.4s
[Step 6295] elapsed = 9792.8s
[Step 6300] elapsed = 9800.2s
[Step 6305] elapsed = 9807.6s
[Step 6310] elapsed = 9815.0s
[Step 6315] elapsed = 9822.4s
[Step 6320] elapsed = 9829.8s
[Step 6325] elapsed = 9837.3s
[Step 6330] elapsed = 9844.7s
[Step 6335] elapsed = 9852.1s
[Step 6340] elapsed = 9859.5s
[Step 6345] elapsed = 9866.9s
[Step 6350] elapsed = 9874.3s
[Step 6355] elapsed = 9881.7s
[Step 6360] elapsed = 9889.2s
[Step 6365] elapsed = 9896.6s
[Step 6370] elapsed = 9904.0s
[Step 6375] elapsed = 9911.4s
[Step 6380] elapsed = 9918.8s
[Step 6385] elapsed = 9926.2s
[Step 6390] elapsed = 9933.6s
[Step 6395] elapsed = 9941.0s
[Step 6400] elapsed = 9948.5s
[Step 6405] elapsed = 9955.9s
[Step 6410] elapsed = 9963.3s
[Step 6415] elapsed = 9970.7s
[Step 6420] elapsed = 9978.1s
[Step 6425] elapsed = 9985.5s
[Step 6430] elapsed = 9992.9s
[Step 6435] elapsed = 10000.3s
[Step 6440] elapsed = 10007.7s
[Step 6445] elapsed = 10015.2s
[Step 6450] elapsed = 10022.6s
[Step 6455] elapsed = 10030.0s
[Step 6460] elapsed = 10037.4s
[Step 6465] elapsed = 10044.8s
[Step 6470] elapsed = 10052.2s
[Step 6475] elapsed = 10059.6s
[Step 6480] elapsed = 10067.0s
[Step 6485] elapsed = 10074.5s
[Step 6490] elapsed = 10081.9s
[Step 6495] elapsed = 10089.3s
[Step 6500] elapsed = 10096.7s
[Step 6505] elapsed = 10104.1s

[Signal] Received signal 15, will stop after current step...
Stop requested, exiting loop...
Cleanup done. Bye.
